// Jest Snapshot v1, https://goo.gl/fbAQLP

exports[` renders 1`] = `
<DocumentFragment>
  <div>
    <div
      class="flex-row"
    />
  </div>
</DocumentFragment>
`;

exports[`PhotoList is rendering renders 1`] = `
<DocumentFragment>
  <div>
    <div
      class="flex-row"
    />
  </div>
</DocumentFragment>
`;

exports[`PhotoList renders renders 1`] = `
<DocumentFragment>
  <div>
    <div
      class="flex-row"
    />
  </div>
</DocumentFragment>
`;

exports[`matches renders 1`] = `
<DocumentFragment>
  <div>
    <div
      class="flex-row"
    />
  </div>
</DocumentFragment>
`;

exports[`matches snapshot renders 1`] = `
<DocumentFragment>
  <div>
    <div
      class="flex-row"
    />
  </div>
</DocumentFragment>
`;
